commit: 06454619

minifier_test262 Summary:
AST Parsed     : 43832/43832 (100.00%)
Positive Passed: 43832/43832 (100.00%)
